........................................................................ [ 38%]
........................................................................ [ 77%]
..........................................                               [100%]
